11111111111
2222222222222
3333333333
33333
444444444